adjoint gradient checked against finite differences
maxcut  cube      p=1: <C>   5.9392  P(opt) 0.4008  hits 1793/2000
maxcut  cube      p=2: <C>   6.6029  P(opt) 0.7209  hits 6844/20002
maxcut  cube      p=3: <C>   6.8780  P(opt) 0.9233  hits 3350/20003
maxcut  cube      p=4: <C>   6.9903  P(opt) 0.9963  hits 1173/20004
maxcut  tree      p=1: <C>   5.6315  P(opt) 0.2997  hits 215/2000
maxcut  tree      p=2: <C>   6.2127  P(opt) 0.4806  hits 184/20002
maxcut  tree      p=3: <C>   6.5379  P(opt) 0.6559  hits 15/20003
maxcut  tree      p=4: <C>   6.7787  P(opt) 0.8512  hits 2/20004
maxcut  ring      p=1: <C>   5.4498  P(opt) 0.1859  hits 1/2000
maxcut  ring      p=2: <C>   5.7836  P(opt) 0.4174  hits 1/20002
maxcut  ring      p=3: <C>   5.9538  P(opt) 0.4862  hits 1/20003
maxcut  ring      p=4: <C>   6.1838  P(opt) 0.4836  hits 1/20004
maxcut  complete  p=1: <C>   5.5883  P(opt) 0.2719  hits 1946/2000
maxcut  complete  p=2: <C>   6.2291  P(opt) 0.4217  hits 2126/20002
maxcut  complete  p=3: <C>   6.5870  P(opt) 0.6404  hits 361/20003
maxcut  complete  p=4: <C>   6.9704  P(opt) 0.9886  hits 201/20004
maxcut  slice     p=1: <C>   6.4350  P(opt) 0.7636  hits 1999/2000
maxcut  slice     p=2: <C>   7.0000  P(opt) 1.0000  hits 12619/20002
maxcut  slice     p=3: <C>   7.0000  P(opt) 1.0000  hits 18707/20003
maxcut  slice     p=4: <C>   7.0000  P(opt) 1.0000  hits 19885/20004
number  cube      p=1: <C>  -9.4833  P(opt) 0.0360  hits 65/2000
number  cube      p=2: <C>  -6.0036  P(opt) 0.0610  hits 14/20002
number  cube      p=3: <C>  -3.9650  P(opt) 0.3336  hits 1/20003
number  cube      p=4: <C>  -2.8864  P(opt) 0.5692  hits 1/20004
number  tree      p=1: <C>  -9.0316  P(opt) 0.0424  hits 587/2000
number  tree      p=2: <C>  -4.7393  P(opt) 0.0577  hits 1149/20002
number  tree      p=3: <C>  -3.5162  P(opt) 0.1081  hits 16/20003
number  tree      p=4: <C>  -1.8970  P(opt) 0.1358  hits 1/20004
number  ring      p=1: <C>  -6.9819  P(opt) 0.0758  hits 28/2000
number  ring      p=2: <C>  -4.1049  P(opt) 0.3041  hits 783/20002
number  ring      p=3: <C>  -2.4378  P(opt) 0.4778  hits 49/20003
number  ring      p=4: <C>  -1.8151  P(opt) 0.4968  hits 11/20004
number  complete  p=1: <C>  -8.6988  P(opt) 0.0416  hits 145/2000
number  complete  p=2: <C>  -5.3511  P(opt) 0.0730  hits 24/20002
number  complete  p=3: <C>  -3.7718  P(opt) 0.1029  hits 1/20003
number  complete  p=4: <C>  -3.7689  P(opt) 0.1033  hits 1/20004
